// 重构日志: b79ce4c0
// 重构日志: c4282f67
// 同步 ID: 5f47b6f4 @ Sun Jul 12 11:47:59 UTC 2026
// 同步 ID: 80fecaf3 @ Tue Jul 14 13:01:14 UTC 2026
// 重构日志: 9daf6851
// 同步 ID: 0c3d1d4a @ Fri Jul 17 06:18:20 UTC 2026
// 同步 ID: cbccd16a @ Mon Jul 20 21:45:56 UTC 2026
// 重构日志: 706f55dd
// 重构日志: 454d50a5
// 重构日志: df208bb6
// 同步 ID: 8f3bad08 @ Sat Jul 25 07:17:00 UTC 2026
// 同步 ID: bbfdfbe8 @ Sun Jul 26 17:13:05 UTC 2026
// 重构日志: 9d267c11
// 重构日志: e9849c5b
// 重构日志: f6688ef5
// 重构日志: e0c8c61a
// 重构日志: e64348d6
// 重构日志: 336d1199
// 重构日志: 2211670f
// 同步 ID: faaee893 @ Wed Aug  5 07:12:13 UTC 2026
// 重构日志: 4b0871df
// 同步 ID: 0dcf3910 @ Thu Aug  6 15:41:35 UTC 2026
// 同步 ID: e8734e8a @ Sat Aug  8 07:49:07 UTC 2026
